

================================================================
== Vivado HLS Report for 'simple_vtx_hwopt'
================================================================
* Date:           Sun Jun 18 14:33:09 2017

* Version:        2017.1 (Build 1846317 on Fri Apr 14 19:19:38 MDT 2017)
* Project:        proj1
* Solution:       solution1
* Product family: kintex7
* Target device:  xc7k160tfbg484-2


================================================================
== Performance Estimates
================================================================
+ Timing (ns): 
    * Summary: 
    +--------+-------+----------+------------+
    |  Clock | Target| Estimated| Uncertainty|
    +--------+-------+----------+------------+
    |ap_clk  |   5.00|      4.08|        0.62|
    +--------+-------+----------+------------+

+ Latency (clock cycles): 
    * Summary: 
    +-----+-----+-----+-----+----------+
    |  Latency  |  Interval | Pipeline |
    | min | max | min | max |   Type   |
    +-----+-----+-----+-----+----------+
    |   31|   31|   32|   32| function |
    +-----+-----+-----+-----+----------+

    + Detail: 
        * Instance: 
        +---------------------+---------+-----+-----+-----+-----+----------+
        |                     |         |  Latency  |  Interval | Pipeline |
        |       Instance      |  Module | min | max | min | max |   Type   |
        +---------------------+---------+-----+-----+-----+-----+----------+
        |grp_fillVtx_fu_5271  |fillVtx  |    1|    1|    2|    2| function |
        |grp_fillVtx_fu_5281  |fillVtx  |    1|    1|    2|    2| function |
        |grp_fillVtx_fu_5291  |fillVtx  |    1|    1|    2|    2| function |
        |grp_fillVtx_fu_5301  |fillVtx  |    1|    1|    2|    2| function |
        |grp_fillVtx_fu_5311  |fillVtx  |    1|    1|    2|    2| function |
        |grp_fillVtx_fu_5321  |fillVtx  |    1|    1|    2|    2| function |
        |grp_fillVtx_fu_5331  |fillVtx  |    1|    1|    2|    2| function |
        |grp_fillVtx_fu_5341  |fillVtx  |    1|    1|    2|    2| function |
        |grp_fillVtx_fu_5351  |fillVtx  |    1|    1|    2|    2| function |
        |grp_fillVtx_fu_5361  |fillVtx  |    1|    1|    2|    2| function |
        |grp_fillVtx_fu_5371  |fillVtx  |    1|    1|    2|    2| function |
        |grp_fillVtx_fu_5381  |fillVtx  |    1|    1|    2|    2| function |
        |grp_fillVtx_fu_5391  |fillVtx  |    1|    1|    2|    2| function |
        +---------------------+---------+-----+-----+-----+-----+----------+

        * Loop: 
        N/A



================================================================
== Utilization Estimates
================================================================
* Summary: 
+-----------------+---------+-------+--------+--------+
|       Name      | BRAM_18K| DSP48E|   FF   |   LUT  |
+-----------------+---------+-------+--------+--------+
|DSP              |        -|      -|       -|       -|
|Expression       |        -|      -|       0|    5572|
|FIFO             |        -|      -|       -|       -|
|Instance         |        0|      -|     458|    1553|
|Memory           |       32|      -|       0|       0|
|Multiplexer      |        -|      -|       -|    9028|
|Register         |        -|      -|    3509|       -|
+-----------------+---------+-------+--------+--------+
|Total            |       32|      0|    3967|   16153|
+-----------------+---------+-------+--------+--------+
|Available        |      650|    600|  202800|  101400|
+-----------------+---------+-------+--------+--------+
|Utilization (%)  |        4|      0|       1|      15|
+-----------------+---------+-------+--------+--------+

+ Detail: 
    * Instance: 
    +-----------------------------------+---------------------------------+---------+-------+-----+-----+
    |              Instance             |              Module             | BRAM_18K| DSP48E|  FF | LUT |
    +-----------------------------------+---------------------------------+---------+-------+-----+-----+
    |grp_fillVtx_fu_5271                |fillVtx                          |        0|      0|   26|  109|
    |grp_fillVtx_fu_5281                |fillVtx                          |        0|      0|   26|  109|
    |grp_fillVtx_fu_5291                |fillVtx                          |        0|      0|   26|  109|
    |grp_fillVtx_fu_5301                |fillVtx                          |        0|      0|   26|  109|
    |grp_fillVtx_fu_5311                |fillVtx                          |        0|      0|   26|  109|
    |grp_fillVtx_fu_5321                |fillVtx                          |        0|      0|   26|  109|
    |grp_fillVtx_fu_5331                |fillVtx                          |        0|      0|   26|  109|
    |grp_fillVtx_fu_5341                |fillVtx                          |        0|      0|   26|  109|
    |grp_fillVtx_fu_5351                |fillVtx                          |        0|      0|   26|  109|
    |grp_fillVtx_fu_5361                |fillVtx                          |        0|      0|   26|  109|
    |grp_fillVtx_fu_5371                |fillVtx                          |        0|      0|   26|  109|
    |grp_fillVtx_fu_5381                |fillVtx                          |        0|      0|   26|  109|
    |grp_fillVtx_fu_5391                |fillVtx                          |        0|      0|   26|  109|
    |simple_vtx_hwopt_AXILiteS_s_axi_U  |simple_vtx_hwopt_AXILiteS_s_axi  |        0|      0|  120|  136|
    +-----------------------------------+---------------------------------+---------+-------+-----+-----+
    |Total                              |                                 |        0|      0|  458| 1553|
    +-----------------------------------+---------------------------------+---------+-------+-----+-----+

    * DSP48: 
    N/A

    * Memory: 
    +---------------+----------------------+---------+---+----+------+-----+------+-------------+
    |     Memory    |        Module        | BRAM_18K| FF| LUT| Words| Bits| Banks| W*Bits*Banks|
    +---------------+----------------------+---------+---+----+------+-----+------+-------------+
    |vtxbin_0_V_U   |simple_vtx_hwopt_bkb  |        1|  0|   0|    16|    5|     1|           80|
    |vtxbin_1_V_U   |simple_vtx_hwopt_bkb  |        1|  0|   0|    16|    5|     1|           80|
    |vtxbin_2_V_U   |simple_vtx_hwopt_bkb  |        1|  0|   0|    16|    5|     1|           80|
    |vtxbin_3_V_U   |simple_vtx_hwopt_bkb  |        1|  0|   0|    16|    5|     1|           80|
    |vtxbin_4_V_U   |simple_vtx_hwopt_bkb  |        1|  0|   0|    16|    5|     1|           80|
    |vtxbin_5_V_U   |simple_vtx_hwopt_bkb  |        1|  0|   0|    16|    5|     1|           80|
    |vtxbin_6_V_U   |simple_vtx_hwopt_bkb  |        1|  0|   0|    16|    5|     1|           80|
    |vtxbin_7_V_U   |simple_vtx_hwopt_bkb  |        1|  0|   0|    16|    5|     1|           80|
    |vtxbin_8_V_U   |simple_vtx_hwopt_bkb  |        1|  0|   0|    16|    5|     1|           80|
    |vtxbin_9_V_U   |simple_vtx_hwopt_bkb  |        1|  0|   0|    16|    5|     1|           80|
    |vtxbin_10_V_U  |simple_vtx_hwopt_bkb  |        1|  0|   0|    16|    5|     1|           80|
    |vtxbin_11_V_U  |simple_vtx_hwopt_bkb  |        1|  0|   0|    16|    5|     1|           80|
    |vtxbin_12_V_U  |simple_vtx_hwopt_bkb  |        1|  0|   0|    16|    5|     1|           80|
    |vtxbin_13_V_U  |simple_vtx_hwopt_bkb  |        1|  0|   0|    16|    5|     1|           80|
    |vtxbin_14_V_U  |simple_vtx_hwopt_bkb  |        1|  0|   0|    16|    5|     1|           80|
    |vtxbin_15_V_U  |simple_vtx_hwopt_bkb  |        1|  0|   0|    16|    5|     1|           80|
    |sumbin_0_V_U   |simple_vtx_hwopt_rcU  |        1|  0|   0|    16|   16|     1|          256|
    |sumbin_1_V_U   |simple_vtx_hwopt_rcU  |        1|  0|   0|    16|   16|     1|          256|
    |sumbin_2_V_U   |simple_vtx_hwopt_rcU  |        1|  0|   0|    16|   16|     1|          256|
    |sumbin_3_V_U   |simple_vtx_hwopt_rcU  |        1|  0|   0|    16|   16|     1|          256|
    |sumbin_4_V_U   |simple_vtx_hwopt_rcU  |        1|  0|   0|    16|   16|     1|          256|
    |sumbin_5_V_U   |simple_vtx_hwopt_rcU  |        1|  0|   0|    16|   16|     1|          256|
    |sumbin_6_V_U   |simple_vtx_hwopt_rcU  |        1|  0|   0|    16|   16|     1|          256|
    |sumbin_7_V_U   |simple_vtx_hwopt_rcU  |        1|  0|   0|    16|   16|     1|          256|
    |sumbin_8_V_U   |simple_vtx_hwopt_rcU  |        1|  0|   0|    16|   16|     1|          256|
    |sumbin_9_V_U   |simple_vtx_hwopt_rcU  |        1|  0|   0|    16|   16|     1|          256|
    |sumbin_10_V_U  |simple_vtx_hwopt_rcU  |        1|  0|   0|    16|   16|     1|          256|
    |sumbin_11_V_U  |simple_vtx_hwopt_rcU  |        1|  0|   0|    16|   16|     1|          256|
    |sumbin_12_V_U  |simple_vtx_hwopt_rcU  |        1|  0|   0|    16|   16|     1|          256|
    |sumbin_13_V_U  |simple_vtx_hwopt_rcU  |        1|  0|   0|    16|   16|     1|          256|
    |sumbin_14_V_U  |simple_vtx_hwopt_rcU  |        1|  0|   0|    16|   16|     1|          256|
    |sumbin_15_V_U  |simple_vtx_hwopt_rcU  |        1|  0|   0|    16|   16|     1|          256|
    +---------------+----------------------+---------+---+----+------+-----+------+-------------+
    |Total          |                      |       32|  0|   0|   512|  336|    32|         5376|
    +---------------+----------------------+---------+---+----+------+-----+------+-------------+

    * FIFO: 
    N/A

    * Expression: 
    +--------------------------+----------+-------+---+----+------------+------------+
    |       Variable Name      | Operation| DSP48E| FF| LUT| Bitwidth P0| Bitwidth P1|
    +--------------------------+----------+-------+---+----+------------+------------+
    |grp_fu_5407_p2            |     +    |      0|  0|  15|           5|           5|
    |grp_fu_5413_p2            |     +    |      0|  0|  23|          16|          16|
    |grp_fu_5419_p2            |     +    |      0|  0|  15|           5|           5|
    |grp_fu_5425_p2            |     +    |      0|  0|  23|          16|          16|
    |grp_fu_5431_p2            |     +    |      0|  0|  15|           5|           5|
    |grp_fu_5437_p2            |     +    |      0|  0|  23|          16|          16|
    |grp_fu_5443_p2            |     +    |      0|  0|  15|           5|           5|
    |grp_fu_5449_p2            |     +    |      0|  0|  23|          16|          16|
    |grp_fu_5455_p2            |     +    |      0|  0|  15|           5|           5|
    |grp_fu_5461_p2            |     +    |      0|  0|  23|          16|          16|
    |grp_fu_5467_p2            |     +    |      0|  0|  15|           5|           5|
    |grp_fu_5473_p2            |     +    |      0|  0|  23|          16|          16|
    |grp_fu_5479_p2            |     +    |      0|  0|  15|           5|           5|
    |grp_fu_5485_p2            |     +    |      0|  0|  23|          16|          16|
    |grp_fu_5491_p2            |     +    |      0|  0|  15|           5|           5|
    |grp_fu_5497_p2            |     +    |      0|  0|  23|          16|          16|
    |grp_fu_5770_p2            |     +    |      0|  0|  16|           5|           5|
    |grp_fu_5776_p2            |     +    |      0|  0|  16|           5|           5|
    |grp_fu_5782_p2            |     +    |      0|  0|  16|          16|          16|
    |grp_fu_5788_p2            |     +    |      0|  0|  16|          16|          16|
    |grp_fu_5794_p2            |     +    |      0|  0|  16|           5|           5|
    |grp_fu_5800_p2            |     +    |      0|  0|  16|           5|           5|
    |grp_fu_5806_p2            |     +    |      0|  0|  16|          16|          16|
    |grp_fu_5812_p2            |     +    |      0|  0|  16|          16|          16|
    |grp_fu_5818_p2            |     +    |      0|  0|  16|           5|           5|
    |grp_fu_5824_p2            |     +    |      0|  0|  16|           5|           5|
    |grp_fu_5830_p2            |     +    |      0|  0|  16|          16|          16|
    |grp_fu_5836_p2            |     +    |      0|  0|  16|          16|          16|
    |grp_fu_5842_p2            |     +    |      0|  0|  16|           5|           5|
    |grp_fu_5848_p2            |     +    |      0|  0|  16|           5|           5|
    |grp_fu_5854_p2            |     +    |      0|  0|  16|          16|          16|
    |grp_fu_5860_p2            |     +    |      0|  0|  16|          16|          16|
    |grp_fu_5866_p2            |     +    |      0|  0|  16|           5|           5|
    |grp_fu_5872_p2            |     +    |      0|  0|  16|          16|          16|
    |grp_fu_5878_p2            |     +    |      0|  0|  16|           5|           5|
    |grp_fu_5884_p2            |     +    |      0|  0|  16|          16|          16|
    |grp_fu_5890_p2            |     +    |      0|  0|  15|           5|           5|
    |grp_fu_5896_p2            |     +    |      0|  0|  16|           5|           5|
    |grp_fu_5902_p2            |     +    |      0|  0|  16|          16|          16|
    |grp_fu_5908_p2            |     +    |      0|  0|  16|           5|           5|
    |grp_fu_5914_p2            |     +    |      0|  0|  16|          16|          16|
    |grp_fu_5920_p2            |     +    |      0|  0|  23|          16|          16|
    |grp_fu_5976_p2            |     +    |      0|  0|  15|           5|           5|
    |grp_fu_5982_p2            |     +    |      0|  0|  15|           5|           5|
    |grp_fu_5988_p2            |     +    |      0|  0|  23|          16|          16|
    |tmp101_fu_6715_p2         |     +    |      0|  0|  15|           5|           5|
    |tmp103_fu_6725_p2         |     +    |      0|  0|  23|          16|          16|
    |tmp105_fu_6870_p2         |     +    |      0|  0|  15|           5|           5|
    |tmp107_fu_6880_p2         |     +    |      0|  0|  23|          16|          16|
    |tmp109_fu_6890_p2         |     +    |      0|  0|  15|           5|           5|
    |tmp10_fu_6274_p2          |     +    |      0|  0|  16|           5|           5|
    |tmp111_fu_6900_p2         |     +    |      0|  0|  23|          16|          16|
    |tmp113_fu_7000_p2         |     +    |      0|  0|  15|           5|           5|
    |tmp115_fu_7010_p2         |     +    |      0|  0|  23|          16|          16|
    |tmp117_fu_7020_p2         |     +    |      0|  0|  15|           5|           5|
    |tmp119_fu_7030_p2         |     +    |      0|  0|  23|          16|          16|
    |tmp11_fu_6285_p2          |     +    |      0|  0|  16|          16|          16|
    |tmp123_fu_7126_p2         |     +    |      0|  0|  23|          16|          16|
    |tmp128_fu_6380_p2         |     +    |      0|  0|  16|           5|           5|
    |tmp129_fu_6386_p2         |     +    |      0|  0|  15|           5|           5|
    |tmp12_fu_6430_p2          |     +    |      0|  0|  16|           5|           5|
    |tmp130_fu_6213_p2         |     +    |      0|  0|  16|          16|          16|
    |tmp131_fu_6073_p2         |     +    |      0|  0|  23|          16|          16|
    |tmp132_fu_6558_p2         |     +    |      0|  0|  16|           5|           5|
    |tmp133_fu_6563_p2         |     +    |      0|  0|  15|           5|           5|
    |tmp134_fu_6223_p2         |     +    |      0|  0|  16|          16|          16|
    |tmp135_fu_6229_p2         |     +    |      0|  0|  23|          16|          16|
    |tmp136_fu_6735_p2         |     +    |      0|  0|  16|           5|           5|
    |tmp137_fu_6739_p2         |     +    |      0|  0|  15|           5|           5|
    |tmp138_fu_6398_p2         |     +    |      0|  0|  16|          16|          16|
    |tmp139_fu_6403_p2         |     +    |      0|  0|  23|          16|          16|
    |tmp13_fu_6441_p2          |     +    |      0|  0|  16|          16|          16|
    |tmp140_fu_6910_p2         |     +    |      0|  0|  16|           5|           5|
    |tmp141_fu_6914_p2         |     +    |      0|  0|  15|           5|           5|
    |tmp142_fu_6575_p2         |     +    |      0|  0|  16|          16|          16|
    |tmp143_fu_6580_p2         |     +    |      0|  0|  23|          16|          16|
    |tmp144_fu_7040_p2         |     +    |      0|  0|  16|           5|           5|
    |tmp145_fu_7044_p2         |     +    |      0|  0|  15|           5|           5|
    |tmp146_fu_6750_p2         |     +    |      0|  0|  16|          16|          16|
    |tmp147_fu_6755_p2         |     +    |      0|  0|  23|          16|          16|
    |tmp148_fu_7150_p2         |     +    |      0|  0|  16|           5|           5|
    |tmp149_fu_7154_p2         |     +    |      0|  0|  15|           5|           5|
    |tmp14_fu_6452_p2          |     +    |      0|  0|  16|           5|           5|
    |tmp150_fu_6925_p2         |     +    |      0|  0|  16|          16|          16|
    |tmp151_fu_6930_p2         |     +    |      0|  0|  23|          16|          16|
    |tmp152_fu_7272_p2         |     +    |      0|  0|  16|           5|           5|
    |tmp153_fu_7277_p2         |     +    |      0|  0|  15|           5|           5|
    |tmp154_fu_7055_p2         |     +    |      0|  0|  16|          16|          16|
    |tmp155_fu_7060_p2         |     +    |      0|  0|  23|          16|          16|
    |tmp156_fu_7288_p2         |     +    |      0|  0|  16|           5|           5|
    |tmp157_fu_7293_p2         |     +    |      0|  0|  15|           5|           5|
    |tmp158_fu_7165_p2         |     +    |      0|  0|  16|          16|          16|
    |tmp159_fu_7170_p2         |     +    |      0|  0|  23|          16|          16|
    |tmp15_fu_6463_p2          |     +    |      0|  0|  16|          16|          16|
    |tmp160_fu_7430_p2         |     +    |      0|  0|  16|           5|           5|
    |tmp161_fu_7435_p2         |     +    |      0|  0|  15|           5|           5|
    |tmp162_fu_7303_p2         |     +    |      0|  0|  16|          16|          16|
    |tmp163_fu_7308_p2         |     +    |      0|  0|  23|          16|          16|
    |tmp164_fu_7445_p2         |     +    |      0|  0|  16|           5|           5|
    |tmp165_fu_7450_p2         |     +    |      0|  0|  15|           5|           5|
    |tmp166_fu_7460_p2         |     +    |      0|  0|  16|          16|          16|
    |tmp167_fu_7465_p2         |     +    |      0|  0|  23|          16|          16|
    |tmp168_fu_7494_p2         |     +    |      0|  0|  16|           5|           5|
    |tmp169_fu_7499_p2         |     +    |      0|  0|  15|           5|           5|
    |tmp16_fu_6607_p2          |     +    |      0|  0|  16|           5|           5|
    |tmp170_fu_7509_p2         |     +    |      0|  0|  16|          16|          16|
    |tmp171_fu_7514_p2         |     +    |      0|  0|  23|          16|          16|
    |tmp172_fu_7070_p2         |     +    |      0|  0|  16|           5|           5|
    |tmp173_fu_7075_p2         |     +    |      0|  0|  16|           5|           5|
    |tmp174_fu_7079_p2         |     +    |      0|  0|  16|           5|           5|
    |tmp175_fu_7090_p2         |     +    |      0|  0|  16|          16|          16|
    |tmp176_fu_7095_p2         |     +    |      0|  0|  16|          16|          16|
    |tmp177_fu_7099_p2         |     +    |      0|  0|  16|          16|          16|
    |tmp178_fu_7180_p2         |     +    |      0|  0|  16|           5|           5|
    |tmp179_fu_7186_p2         |     +    |      0|  0|  16|           5|           5|
    |tmp17_fu_6618_p2          |     +    |      0|  0|  16|          16|          16|
    |tmp180_fu_7190_p2         |     +    |      0|  0|  16|           5|           5|
    |tmp181_fu_7201_p2         |     +    |      0|  0|  16|          16|          16|
    |tmp182_fu_7207_p2         |     +    |      0|  0|  16|          16|          16|
    |tmp183_fu_7211_p2         |     +    |      0|  0|  16|          16|          16|
    |tmp184_fu_7222_p2         |     +    |      0|  0|  16|           5|           5|
    |tmp185_fu_7227_p2         |     +    |      0|  0|  16|           5|           5|
    |tmp186_fu_7231_p2         |     +    |      0|  0|  16|           5|           5|
    |tmp187_fu_7242_p2         |     +    |      0|  0|  16|          16|          16|
    |tmp188_fu_7247_p2         |     +    |      0|  0|  16|          16|          16|
    |tmp189_fu_7251_p2         |     +    |      0|  0|  16|          16|          16|
    |tmp18_fu_6629_p2          |     +    |      0|  0|  16|           5|           5|
    |tmp190_fu_7318_p2         |     +    |      0|  0|  16|           5|           5|
    |tmp191_fu_7324_p2         |     +    |      0|  0|  16|           5|           5|
    |tmp192_fu_7329_p2         |     +    |      0|  0|  16|           5|           5|
    |tmp193_fu_7341_p2         |     +    |      0|  0|  16|          16|          16|
    |tmp194_fu_7347_p2         |     +    |      0|  0|  16|          16|          16|
    |tmp195_fu_7352_p2         |     +    |      0|  0|  16|          16|          16|
    |tmp196_fu_7364_p2         |     +    |      0|  0|  16|           5|           5|
    |tmp197_fu_7369_p2         |     +    |      0|  0|  16|           5|           5|
    |tmp198_fu_7374_p2         |     +    |      0|  0|  16|           5|           5|
    |tmp199_fu_7386_p2         |     +    |      0|  0|  16|          16|          16|
    |tmp19_fu_6640_p2          |     +    |      0|  0|  16|          16|          16|
    |tmp200_fu_7391_p2         |     +    |      0|  0|  16|          16|          16|
    |tmp201_fu_7396_p2         |     +    |      0|  0|  16|          16|          16|
    |tmp20_fu_6782_p2          |     +    |      0|  0|  16|           5|           5|
    |tmp21_fu_6793_p2          |     +    |      0|  0|  16|          16|          16|
    |tmp22_fu_6804_p2          |     +    |      0|  0|  16|           5|           5|
    |tmp23_fu_6815_p2          |     +    |      0|  0|  16|          16|          16|
    |tmp24_fu_6956_p2          |     +    |      0|  0|  16|           5|           5|
    |tmp25_fu_6967_p2          |     +    |      0|  0|  16|          16|          16|
    |tmp26_fu_6978_p2          |     +    |      0|  0|  16|           5|           5|
    |tmp27_fu_6989_p2          |     +    |      0|  0|  16|          16|          16|
    |tmp36_fu_6006_p2          |     +    |      0|  0|  16|           5|           5|
    |tmp37_fu_6017_p2          |     +    |      0|  0|  16|          16|          16|
    |tmp38_fu_6028_p2          |     +    |      0|  0|  16|           5|           5|
    |tmp39_fu_6039_p2          |     +    |      0|  0|  16|          16|          16|
    |tmp40_fu_6129_p2          |     +    |      0|  0|  16|           5|           5|
    |tmp41_fu_6140_p2          |     +    |      0|  0|  16|          16|          16|
    |tmp42_fu_6151_p2          |     +    |      0|  0|  16|           5|           5|
    |tmp43_fu_6162_p2          |     +    |      0|  0|  16|          16|          16|
    |tmp44_fu_6296_p2          |     +    |      0|  0|  16|           5|           5|
    |tmp45_fu_6307_p2          |     +    |      0|  0|  16|          16|          16|
    |tmp46_fu_6318_p2          |     +    |      0|  0|  16|           5|           5|
    |tmp47_fu_6329_p2          |     +    |      0|  0|  16|          16|          16|
    |tmp48_fu_6474_p2          |     +    |      0|  0|  16|           5|           5|
    |tmp49_fu_6485_p2          |     +    |      0|  0|  16|          16|          16|
    |tmp4_fu_6085_p2           |     +    |      0|  0|  16|           5|           5|
    |tmp50_fu_6496_p2          |     +    |      0|  0|  16|           5|           5|
    |tmp51_fu_6507_p2          |     +    |      0|  0|  16|          16|          16|
    |tmp52_fu_6651_p2          |     +    |      0|  0|  16|           5|           5|
    |tmp53_fu_6662_p2          |     +    |      0|  0|  16|          16|          16|
    |tmp54_fu_6673_p2          |     +    |      0|  0|  16|           5|           5|
    |tmp55_fu_6684_p2          |     +    |      0|  0|  16|          16|          16|
    |tmp56_fu_6826_p2          |     +    |      0|  0|  16|           5|           5|
    |tmp57_fu_6837_p2          |     +    |      0|  0|  16|          16|          16|
    |tmp58_fu_6848_p2          |     +    |      0|  0|  16|           5|           5|
    |tmp59_fu_6859_p2          |     +    |      0|  0|  16|          16|          16|
    |tmp5_fu_6096_p2           |     +    |      0|  0|  16|          16|          16|
    |tmp67_fu_5994_p2          |     +    |      0|  0|  23|          16|          16|
    |tmp6_fu_6107_p2           |     +    |      0|  0|  16|           5|           5|
    |tmp73_fu_6173_p2          |     +    |      0|  0|  15|           5|           5|
    |tmp75_fu_6183_p2          |     +    |      0|  0|  23|          16|          16|
    |tmp77_fu_6193_p2          |     +    |      0|  0|  15|           5|           5|
    |tmp79_fu_6203_p2          |     +    |      0|  0|  23|          16|          16|
    |tmp7_fu_6118_p2           |     +    |      0|  0|  16|          16|          16|
    |tmp81_fu_6340_p2          |     +    |      0|  0|  15|           5|           5|
    |tmp83_fu_6350_p2          |     +    |      0|  0|  23|          16|          16|
    |tmp85_fu_6360_p2          |     +    |      0|  0|  15|           5|           5|
    |tmp87_fu_6370_p2          |     +    |      0|  0|  23|          16|          16|
    |tmp89_fu_6518_p2          |     +    |      0|  0|  15|           5|           5|
    |tmp8_fu_6252_p2           |     +    |      0|  0|  16|           5|           5|
    |tmp91_fu_6528_p2          |     +    |      0|  0|  23|          16|          16|
    |tmp93_fu_6538_p2          |     +    |      0|  0|  15|           5|           5|
    |tmp95_fu_6548_p2          |     +    |      0|  0|  23|          16|          16|
    |tmp97_fu_6695_p2          |     +    |      0|  0|  15|           5|           5|
    |tmp99_fu_6705_p2          |     +    |      0|  0|  23|          16|          16|
    |tmp9_fu_6263_p2           |     +    |      0|  0|  16|          16|          16|
    |tmp_13_0_0_1_fu_6246_p2   |     +    |      0|  0|  15|           5|           5|
    |tmp_13_0_0_2_fu_6418_p2   |     +    |      0|  0|  15|           5|           5|
    |tmp_13_0_0_3_fu_6595_p2   |     +    |      0|  0|  15|           5|           5|
    |tmp_13_0_0_4_fu_6770_p2   |     +    |      0|  0|  15|           5|           5|
    |tmp_13_0_0_5_fu_6945_p2   |     +    |      0|  0|  15|           5|           5|
    |tmp_13_0_0_7_fu_7267_p2   |     +    |      0|  0|  15|           5|           5|
    |tmp_13_0_0_8_fu_7413_p2   |     +    |      0|  0|  15|           5|           5|
    |tmp_13_0_0_9_fu_7420_p2   |     +    |      0|  0|  15|           5|           5|
    |tmp_13_0_0_s_fu_7480_p2   |     +    |      0|  0|  15|           5|           5|
    |tmp_13_1_1_10_fu_6809_p2  |     +    |      0|  0|  16|           5|           5|
    |tmp_13_1_1_11_fu_6961_p2  |     +    |      0|  0|  16|           5|           5|
    |tmp_13_1_1_12_fu_6983_p2  |     +    |      0|  0|  16|           5|           5|
    |tmp_13_1_1_2_fu_6090_p2   |     +    |      0|  0|  16|           5|           5|
    |tmp_13_1_1_3_fu_6112_p2   |     +    |      0|  0|  16|           5|           5|
    |tmp_13_1_1_4_fu_6257_p2   |     +    |      0|  0|  16|           5|           5|
    |tmp_13_1_1_5_fu_6279_p2   |     +    |      0|  0|  16|           5|           5|
    |tmp_13_1_1_6_fu_6435_p2   |     +    |      0|  0|  16|           5|           5|
    |tmp_13_1_1_7_fu_6457_p2   |     +    |      0|  0|  16|           5|           5|
    |tmp_13_1_1_8_fu_6612_p2   |     +    |      0|  0|  16|           5|           5|
    |tmp_13_1_1_9_fu_6634_p2   |     +    |      0|  0|  16|           5|           5|
    |tmp_13_1_1_s_fu_6787_p2   |     +    |      0|  0|  16|           5|           5|
    |tmp_13_1_3_10_fu_6678_p2  |     +    |      0|  0|  16|           5|           5|
    |tmp_13_1_3_11_fu_6831_p2  |     +    |      0|  0|  16|           5|           5|
    |tmp_13_1_3_12_fu_6853_p2  |     +    |      0|  0|  16|           5|           5|
    |tmp_13_1_3_2_fu_6011_p2   |     +    |      0|  0|  16|           5|           5|
    |tmp_13_1_3_3_fu_6033_p2   |     +    |      0|  0|  16|           5|           5|
    |tmp_13_1_3_4_fu_6134_p2   |     +    |      0|  0|  16|           5|           5|
    |tmp_13_1_3_5_fu_6156_p2   |     +    |      0|  0|  16|           5|           5|
    |tmp_13_1_3_6_fu_6301_p2   |     +    |      0|  0|  16|           5|           5|
    |tmp_13_1_3_7_fu_6323_p2   |     +    |      0|  0|  16|           5|           5|
    |tmp_13_1_3_8_fu_6479_p2   |     +    |      0|  0|  16|           5|           5|
    |tmp_13_1_3_9_fu_6501_p2   |     +    |      0|  0|  16|           5|           5|
    |tmp_13_1_3_s_fu_6656_p2   |     +    |      0|  0|  16|           5|           5|
    |tmp_13_2_1_10_fu_6894_p2  |     +    |      0|  0|  16|           5|           5|
    |tmp_13_2_1_11_fu_7004_p2  |     +    |      0|  0|  16|           5|           5|
    |tmp_13_2_1_12_fu_7024_p2  |     +    |      0|  0|  16|           5|           5|
    |tmp_13_2_1_13_fu_7120_p2  |     +    |      0|  0|  16|           5|           5|
    |tmp_13_2_1_14_fu_7138_p2  |     +    |      0|  0|  16|           5|           5|
    |tmp_13_2_1_1_fu_6061_p2   |     +    |      0|  0|  16|           5|           5|
    |tmp_13_2_1_2_fu_6177_p2   |     +    |      0|  0|  16|           5|           5|
    |tmp_13_2_1_3_fu_6197_p2   |     +    |      0|  0|  16|           5|           5|
    |tmp_13_2_1_4_fu_6344_p2   |     +    |      0|  0|  16|           5|           5|
    |tmp_13_2_1_5_fu_6364_p2   |     +    |      0|  0|  16|           5|           5|
    |tmp_13_2_1_6_fu_6522_p2   |     +    |      0|  0|  16|           5|           5|
    |tmp_13_2_1_7_fu_6542_p2   |     +    |      0|  0|  16|           5|           5|
    |tmp_13_2_1_8_fu_6699_p2   |     +    |      0|  0|  16|           5|           5|
    |tmp_13_2_1_9_fu_6719_p2   |     +    |      0|  0|  16|           5|           5|
    |tmp_13_2_1_fu_6050_p2     |     +    |      0|  0|  16|           5|           5|
    |tmp_13_2_1_s_fu_6874_p2   |     +    |      0|  0|  16|           5|           5|
    |tmp_13_3_0_10_fu_7084_p2  |     +    |      0|  0|  16|           5|           5|
    |tmp_13_3_0_11_fu_7195_p2  |     +    |      0|  0|  16|           5|           5|
    |tmp_13_3_0_12_fu_7236_p2  |     +    |      0|  0|  16|           5|           5|
    |tmp_13_3_0_13_fu_7335_p2  |     +    |      0|  0|  16|           5|           5|
    |tmp_13_3_0_14_fu_7380_p2  |     +    |      0|  0|  16|           5|           5|
    |tmp_13_3_0_1_fu_6568_p2   |     +    |      0|  0|  16|           5|           5|
    |tmp_13_3_0_2_fu_6743_p2   |     +    |      0|  0|  16|           5|           5|
    |tmp_13_3_0_3_fu_6918_p2   |     +    |      0|  0|  16|           5|           5|
    |tmp_13_3_0_4_fu_7048_p2   |     +    |      0|  0|  16|           5|           5|
    |tmp_13_3_0_5_fu_7158_p2   |     +    |      0|  0|  16|           5|           5|
    |tmp_13_3_0_6_fu_7281_p2   |     +    |      0|  0|  16|           5|           5|
    |tmp_13_3_0_7_fu_7297_p2   |     +    |      0|  0|  16|           5|           5|
    |tmp_13_3_0_8_fu_7439_p2   |     +    |      0|  0|  16|           5|           5|
    |tmp_13_3_0_9_fu_7454_p2   |     +    |      0|  0|  16|           5|           5|
    |tmp_13_3_0_s_fu_7503_p2   |     +    |      0|  0|  16|           5|           5|
    |tmp_13_3_fu_6391_p2       |     +    |      0|  0|  16|           5|           5|
    |tmp_14_0_0_1_fu_6079_p2   |     +    |      0|  0|  23|          16|          16|
    |tmp_14_0_0_3_fu_6424_p2   |     +    |      0|  0|  23|          16|          16|
    |tmp_14_0_0_4_fu_6601_p2   |     +    |      0|  0|  23|          16|          16|
    |tmp_14_0_0_5_fu_6776_p2   |     +    |      0|  0|  23|          16|          16|
    |tmp_14_0_0_6_fu_6950_p2   |     +    |      0|  0|  23|          16|          16|
    |tmp_14_0_0_7_fu_7115_p2   |     +    |      0|  0|  23|          16|          16|
    |tmp_14_0_0_9_fu_7425_p2   |     +    |      0|  0|  23|          16|          16|
    |tmp_14_0_0_s_fu_7487_p2   |     +    |      0|  0|  23|          16|          16|
    |tmp_14_1_1_10_fu_6820_p2  |     +    |      0|  0|  16|          16|          16|
    |tmp_14_1_1_11_fu_6972_p2  |     +    |      0|  0|  16|          16|          16|
    |tmp_14_1_1_12_fu_6994_p2  |     +    |      0|  0|  16|          16|          16|
    |tmp_14_1_1_2_fu_6101_p2   |     +    |      0|  0|  16|          16|          16|
    |tmp_14_1_1_3_fu_6123_p2   |     +    |      0|  0|  16|          16|          16|
    |tmp_14_1_1_4_fu_6268_p2   |     +    |      0|  0|  16|          16|          16|
    |tmp_14_1_1_5_fu_6290_p2   |     +    |      0|  0|  16|          16|          16|
    |tmp_14_1_1_6_fu_6446_p2   |     +    |      0|  0|  16|          16|          16|
    |tmp_14_1_1_7_fu_6468_p2   |     +    |      0|  0|  16|          16|          16|
    |tmp_14_1_1_8_fu_6623_p2   |     +    |      0|  0|  16|          16|          16|
    |tmp_14_1_1_9_fu_6645_p2   |     +    |      0|  0|  16|          16|          16|
    |tmp_14_1_1_s_fu_6798_p2   |     +    |      0|  0|  16|          16|          16|
    |tmp_14_1_3_10_fu_6689_p2  |     +    |      0|  0|  16|          16|          16|
    |tmp_14_1_3_11_fu_6842_p2  |     +    |      0|  0|  16|          16|          16|
    |tmp_14_1_3_12_fu_6864_p2  |     +    |      0|  0|  16|          16|          16|
    |tmp_14_1_3_2_fu_6022_p2   |     +    |      0|  0|  16|          16|          16|
    |tmp_14_1_3_3_fu_6044_p2   |     +    |      0|  0|  16|          16|          16|
    |tmp_14_1_3_4_fu_6145_p2   |     +    |      0|  0|  16|          16|          16|
    |tmp_14_1_3_5_fu_6167_p2   |     +    |      0|  0|  16|          16|          16|
    |tmp_14_1_3_6_fu_6312_p2   |     +    |      0|  0|  16|          16|          16|
    |tmp_14_1_3_7_fu_6334_p2   |     +    |      0|  0|  16|          16|          16|
    |tmp_14_1_3_8_fu_6490_p2   |     +    |      0|  0|  16|          16|          16|
    |tmp_14_1_3_9_fu_6512_p2   |     +    |      0|  0|  16|          16|          16|
    |tmp_14_1_3_s_fu_6667_p2   |     +    |      0|  0|  16|          16|          16|
    |tmp_14_2_1_10_fu_6904_p2  |     +    |      0|  0|  16|          16|          16|
    |tmp_14_2_1_11_fu_7014_p2  |     +    |      0|  0|  16|          16|          16|
    |tmp_14_2_1_12_fu_7034_p2  |     +    |      0|  0|  16|          16|          16|
    |tmp_14_2_1_13_fu_7132_p2  |     +    |      0|  0|  16|          16|          16|
    |tmp_14_2_1_14_fu_7144_p2  |     +    |      0|  0|  16|          16|          16|
    |tmp_14_2_1_1_fu_6067_p2   |     +    |      0|  0|  16|          16|          16|
    |tmp_14_2_1_2_fu_6187_p2   |     +    |      0|  0|  16|          16|          16|
    |tmp_14_2_1_3_fu_6207_p2   |     +    |      0|  0|  16|          16|          16|
    |tmp_14_2_1_4_fu_6354_p2   |     +    |      0|  0|  16|          16|          16|
    |tmp_14_2_1_5_fu_6374_p2   |     +    |      0|  0|  16|          16|          16|
    |tmp_14_2_1_6_fu_6532_p2   |     +    |      0|  0|  16|          16|          16|
    |tmp_14_2_1_7_fu_6552_p2   |     +    |      0|  0|  16|          16|          16|
    |tmp_14_2_1_8_fu_6709_p2   |     +    |      0|  0|  16|          16|          16|
    |tmp_14_2_1_9_fu_6729_p2   |     +    |      0|  0|  16|          16|          16|
    |tmp_14_2_1_fu_6056_p2     |     +    |      0|  0|  16|          16|          16|
    |tmp_14_2_1_s_fu_6884_p2   |     +    |      0|  0|  16|          16|          16|
    |tmp_14_3_0_10_fu_7104_p2  |     +    |      0|  0|  16|          16|          16|
    |tmp_14_3_0_11_fu_7216_p2  |     +    |      0|  0|  16|          16|          16|
    |tmp_14_3_0_12_fu_7256_p2  |     +    |      0|  0|  16|          16|          16|
    |tmp_14_3_0_13_fu_7358_p2  |     +    |      0|  0|  16|          16|          16|
    |tmp_14_3_0_14_fu_7402_p2  |     +    |      0|  0|  16|          16|          16|
    |tmp_14_3_0_1_fu_6234_p2   |     +    |      0|  0|  16|          16|          16|
    |tmp_14_3_0_2_fu_6407_p2   |     +    |      0|  0|  16|          16|          16|
    |tmp_14_3_0_3_fu_6584_p2   |     +    |      0|  0|  16|          16|          16|
    |tmp_14_3_0_4_fu_6759_p2   |     +    |      0|  0|  16|          16|          16|
    |tmp_14_3_0_5_fu_6934_p2   |     +    |      0|  0|  16|          16|          16|
    |tmp_14_3_0_6_fu_7064_p2   |     +    |      0|  0|  16|          16|          16|
    |tmp_14_3_0_7_fu_7174_p2   |     +    |      0|  0|  16|          16|          16|
    |tmp_14_3_0_8_fu_7312_p2   |     +    |      0|  0|  16|          16|          16|
    |tmp_14_3_0_9_fu_7469_p2   |     +    |      0|  0|  16|          16|          16|
    |tmp_14_3_0_s_fu_7518_p2   |     +    |      0|  0|  16|          16|          16|
    |tmp_14_3_fu_6218_p2       |     +    |      0|  0|  16|          16|          16|
    |tmp_1_fu_6000_p2          |     +    |      0|  0|  23|          16|          16|
    |icmp_fu_7582_p2           |   icmp   |      0|  0|   1|           3|           1|
    |tmp_6_10_fu_7534_p2       |   icmp   |      0|  0|   8|          16|          16|
    |tmp_6_11_fu_7539_p2       |   icmp   |      0|  0|   8|          16|          16|
    |tmp_6_12_fu_7544_p2       |   icmp   |      0|  0|   8|          16|          16|
    |tmp_6_13_fu_7549_p2       |   icmp   |      0|  0|   8|          16|          16|
    |tmp_6_14_fu_7554_p2       |   icmp   |      0|  0|   8|          16|          16|
    |tmp_6_1_fu_6413_p2        |   icmp   |      0|  0|   8|          16|          16|
    |tmp_6_2_fu_6590_p2        |   icmp   |      0|  0|   8|          16|          16|
    |tmp_6_3_fu_6765_p2        |   icmp   |      0|  0|   8|          16|          16|
    |tmp_6_4_fu_6940_p2        |   icmp   |      0|  0|   8|          16|          16|
    |tmp_6_5_fu_7110_p2        |   icmp   |      0|  0|   8|          16|          16|
    |tmp_6_6_fu_7262_p2        |   icmp   |      0|  0|   8|          16|          16|
    |tmp_6_7_fu_7408_p2        |   icmp   |      0|  0|   8|          16|          16|
    |tmp_6_8_fu_7475_p2        |   icmp   |      0|  0|   8|          16|          16|
    |tmp_6_9_fu_7524_p2        |   icmp   |      0|  0|   8|          16|          16|
    |tmp_6_fu_6240_p2          |   icmp   |      0|  0|   8|          16|           1|
    |tmp_6_s_fu_7529_p2        |   icmp   |      0|  0|   8|          16|          16|
    |tmp_2_fu_7565_p2          |    or    |      0|  0|  10|          10|           4|
    +--------------------------+----------+-------+---+----+------------+------------+
    |Total                     |          |      0|  0|5572|        3666|        3643|
    +--------------------------+----------+-------+---+----+------------+------------+

    * Multiplexer: 
    +----------------------------------------+-----+-----------+-----+-----------+
    |                  Name                  | LUT | Input Size| Bits| Total Bits|
    +----------------------------------------+-----+-----------+-----+-----------+
    |ap_NS_fsm                               |  149|         33|    1|         33|
    |grp_fillVtx_fu_5271_sumbin_V_q0         |   13|          3|   16|         48|
    |grp_fillVtx_fu_5271_track_hwPt_V        |   13|          3|   16|         48|
    |grp_fillVtx_fu_5271_track_hwZ0_V        |   13|          3|   10|         30|
    |grp_fillVtx_fu_5271_vtxbin_V_q0         |   13|          3|    5|         15|
    |grp_fillVtx_fu_5281_sumbin_V_q0         |   13|          3|   16|         48|
    |grp_fillVtx_fu_5281_track_hwPt_V        |   13|          3|   16|         48|
    |grp_fillVtx_fu_5281_track_hwZ0_V        |   13|          3|   10|         30|
    |grp_fillVtx_fu_5281_vtxbin_V_q0         |   13|          3|    5|         15|
    |grp_fillVtx_fu_5291_sumbin_V_q0         |   13|          3|   16|         48|
    |grp_fillVtx_fu_5291_track_hwPt_V        |   13|          3|   16|         48|
    |grp_fillVtx_fu_5291_track_hwZ0_V        |   13|          3|   10|         30|
    |grp_fillVtx_fu_5291_vtxbin_V_q0         |   13|          3|    5|         15|
    |outvtx_hwSumPt_V                        |   89|         18|   16|        288|
    |outvtx_hwSumPt_V_loa_10_phi_fu_5231_p4  |    9|          2|   16|         32|
    |outvtx_hwSumPt_V_loa_10_reg_5228        |    9|          2|   16|         32|
    |outvtx_hwSumPt_V_loa_11_phi_fu_5242_p4  |    9|          2|   16|         32|
    |outvtx_hwSumPt_V_loa_11_reg_5239        |    9|          2|   16|         32|
    |outvtx_hwSumPt_V_loa_12_phi_fu_5253_p4  |    9|          2|   16|         32|
    |outvtx_hwSumPt_V_loa_12_reg_5250        |    9|          2|   16|         32|
    |outvtx_hwSumPt_V_loa_13_phi_fu_5264_p4  |    9|          2|   16|         32|
    |outvtx_hwSumPt_V_loa_13_reg_5261        |    9|          2|   16|         32|
    |outvtx_hwSumPt_V_loa_14_phi_fu_5220_p4  |    9|          2|   16|         32|
    |outvtx_hwSumPt_V_loa_14_reg_5217        |    9|          2|   16|         32|
    |outvtx_hwSumPt_V_loa_1_phi_fu_5121_p4   |    9|          2|   16|         32|
    |outvtx_hwSumPt_V_loa_1_reg_5118         |    9|          2|   16|         32|
    |outvtx_hwSumPt_V_loa_2_phi_fu_5132_p4   |    9|          2|   16|         32|
    |outvtx_hwSumPt_V_loa_2_reg_5129         |    9|          2|   16|         32|
    |outvtx_hwSumPt_V_loa_3_phi_fu_5143_p4   |    9|          2|   16|         32|
    |outvtx_hwSumPt_V_loa_3_reg_5140         |    9|          2|   16|         32|
    |outvtx_hwSumPt_V_loa_4_phi_fu_5154_p4   |    9|          2|   16|         32|
    |outvtx_hwSumPt_V_loa_4_reg_5151         |    9|          2|   16|         32|
    |outvtx_hwSumPt_V_loa_5_phi_fu_5165_p4   |    9|          2|   16|         32|
    |outvtx_hwSumPt_V_loa_5_reg_5162         |    9|          2|   16|         32|
    |outvtx_hwSumPt_V_loa_6_phi_fu_5176_p4   |    9|          2|   16|         32|
    |outvtx_hwSumPt_V_loa_6_reg_5173         |    9|          2|   16|         32|
    |outvtx_hwSumPt_V_loa_7_phi_fu_5187_p4   |    9|          2|   16|         32|
    |outvtx_hwSumPt_V_loa_7_reg_5184         |    9|          2|   16|         32|
    |outvtx_hwSumPt_V_loa_8_phi_fu_5198_p4   |    9|          2|   16|         32|
    |outvtx_hwSumPt_V_loa_8_reg_5195         |    9|          2|   16|         32|
    |outvtx_hwSumPt_V_loa_9_phi_fu_5209_p4   |    9|          2|   16|         32|
    |outvtx_hwSumPt_V_loa_9_reg_5206         |    9|          2|   16|         32|
    |outvtx_hwSumPt_V_loa_phi_fu_5110_p4     |   13|          3|   16|         48|
    |outvtx_hwZ0_V_o                         |   89|         18|   10|        180|
    |outvtx_mult_V_o                         |   85|         17|    5|         85|
    |reg_5511                                |    9|          2|    5|         10|
    |reg_5516                                |    9|          2|   16|         32|
    |reg_5673                                |    9|          2|    5|         10|
    |reg_5678                                |    9|          2|   16|         32|
    |reg_5719                                |    9|          2|    5|         10|
    |reg_5724                                |    9|          2|   16|         32|
    |reg_5733                                |    9|          2|   16|         32|
    |reg_5738                                |    9|          2|    5|         10|
    |reg_5743                                |    9|          2|   16|         32|
    |reg_5748                                |    9|          2|    5|         10|
    |reg_5753                                |    9|          2|   16|         32|
    |sumbin_0_V_address0                     |  121|         26|    4|        104|
    |sumbin_0_V_address1                     |  117|         25|    4|        100|
    |sumbin_0_V_ce0                          |   13|          3|    1|          3|
    |sumbin_0_V_d0                           |   65|         16|   16|        256|
    |sumbin_0_V_d1                           |   61|         15|   16|        240|
    |sumbin_0_V_we0                          |   13|          3|    1|          3|
    |sumbin_10_V_address0                    |   89|         18|    4|         72|
    |sumbin_10_V_address1                    |   85|         17|    4|         68|
    |sumbin_10_V_ce0                         |   13|          3|    1|          3|
    |sumbin_10_V_d0                          |   41|         10|   16|        160|
    |sumbin_10_V_d1                          |   37|          9|   16|        144|
    |sumbin_10_V_we0                         |   13|          3|    1|          3|
    |sumbin_11_V_address0                    |   89|         18|    4|         72|
    |sumbin_11_V_address1                    |   85|         17|    4|         68|
    |sumbin_11_V_ce0                         |   13|          3|    1|          3|
    |sumbin_11_V_d0                          |   13|          3|   16|         48|
    |sumbin_11_V_we0                         |   13|          3|    1|          3|
    |sumbin_12_V_address0                    |   89|         18|    4|         72|
    |sumbin_12_V_address1                    |   85|         17|    4|         68|
    |sumbin_12_V_ce0                         |   13|          3|    1|          3|
    |sumbin_12_V_d0                          |   41|         10|   16|        160|
    |sumbin_12_V_d1                          |   37|          9|   16|        144|
    |sumbin_12_V_we0                         |   13|          3|    1|          3|
    |sumbin_13_V_address0                    |   89|         18|    4|         72|
    |sumbin_13_V_address1                    |   85|         17|    4|         68|
    |sumbin_13_V_ce0                         |   13|          3|    1|          3|
    |sumbin_13_V_d0                          |   13|          3|   16|         48|
    |sumbin_13_V_we0                         |   13|          3|    1|          3|
    |sumbin_14_V_address0                    |   89|         18|    4|         72|
    |sumbin_14_V_address1                    |   85|         17|    4|         68|
    |sumbin_14_V_ce0                         |   13|          3|    1|          3|
    |sumbin_14_V_d0                          |   41|         10|   16|        160|
    |sumbin_14_V_d1                          |   37|          9|   16|        144|
    |sumbin_14_V_we0                         |   13|          3|    1|          3|
    |sumbin_15_V_address0                    |   89|         18|    4|         72|
    |sumbin_15_V_address1                    |   85|         17|    4|         68|
    |sumbin_15_V_ce0                         |   13|          3|    1|          3|
    |sumbin_15_V_d0                          |   13|          3|   16|         48|
    |sumbin_15_V_we0                         |   13|          3|    1|          3|
    |sumbin_1_V_address0                     |   89|         18|    4|         72|
    |sumbin_1_V_address1                     |   85|         17|    4|         68|
    |sumbin_1_V_ce0                          |   13|          3|    1|          3|
    |sumbin_1_V_d0                           |   13|          3|   16|         48|
    |sumbin_1_V_we0                          |   13|          3|    1|          3|
    |sumbin_2_V_address0                     |   89|         18|    4|         72|
    |sumbin_2_V_address1                     |   85|         17|    4|         68|
    |sumbin_2_V_ce0                          |   13|          3|    1|          3|
    |sumbin_2_V_d0                           |   41|         10|   16|        160|
    |sumbin_2_V_d1                           |   37|          9|   16|        144|
    |sumbin_2_V_we0                          |   13|          3|    1|          3|
    |sumbin_3_V_address0                     |   89|         18|    4|         72|
    |sumbin_3_V_address1                     |   85|         17|    4|         68|
    |sumbin_3_V_ce0                          |   13|          3|    1|          3|
    |sumbin_3_V_d0                           |   13|          3|   16|         48|
    |sumbin_3_V_we0                          |   13|          3|    1|          3|
    |sumbin_4_V_address0                     |   89|         18|    4|         72|
    |sumbin_4_V_address1                     |   85|         17|    4|         68|
    |sumbin_4_V_ce0                          |   13|          3|    1|          3|
    |sumbin_4_V_d0                           |   41|         10|   16|        160|
    |sumbin_4_V_d1                           |   37|          9|   16|        144|
    |sumbin_4_V_we0                          |   13|          3|    1|          3|
    |sumbin_5_V_address0                     |   89|         18|    4|         72|
    |sumbin_5_V_address1                     |   85|         17|    4|         68|
    |sumbin_5_V_ce0                          |   13|          3|    1|          3|
    |sumbin_5_V_d0                           |   13|          3|   16|         48|
    |sumbin_5_V_we0                          |   13|          3|    1|          3|
    |sumbin_6_V_address0                     |   89|         18|    4|         72|
    |sumbin_6_V_address1                     |   85|         17|    4|         68|
    |sumbin_6_V_ce0                          |   13|          3|    1|          3|
    |sumbin_6_V_d0                           |   41|         10|   16|        160|
    |sumbin_6_V_d1                           |   37|          9|   16|        144|
    |sumbin_6_V_we0                          |   13|          3|    1|          3|
    |sumbin_7_V_address0                     |   89|         18|    4|         72|
    |sumbin_7_V_address1                     |   85|         17|    4|         68|
    |sumbin_7_V_ce0                          |   13|          3|    1|          3|
    |sumbin_7_V_d0                           |   13|          3|   16|         48|
    |sumbin_7_V_we0                          |   13|          3|    1|          3|
    |sumbin_8_V_address0                     |   89|         18|    4|         72|
    |sumbin_8_V_address1                     |   85|         17|    4|         68|
    |sumbin_8_V_ce0                          |   13|          3|    1|          3|
    |sumbin_8_V_d0                           |   45|         11|   16|        176|
    |sumbin_8_V_d1                           |   41|         10|   16|        160|
    |sumbin_8_V_we0                          |   13|          3|    1|          3|
    |sumbin_9_V_address0                     |   89|         18|    4|         72|
    |sumbin_9_V_address1                     |   85|         17|    4|         68|
    |sumbin_9_V_ce0                          |   13|          3|    1|          3|
    |sumbin_9_V_d0                           |   13|          3|   16|         48|
    |sumbin_9_V_we0                          |   13|          3|    1|          3|
    |vtxbin_0_V_address0                     |  121|         26|    4|        104|
    |vtxbin_0_V_address1                     |  117|         25|    4|        100|
    |vtxbin_0_V_ce0                          |   13|          3|    1|          3|
    |vtxbin_0_V_d0                           |   65|         16|    5|         80|
    |vtxbin_0_V_d1                           |   61|         15|    5|         75|
    |vtxbin_0_V_we0                          |   13|          3|    1|          3|
    |vtxbin_10_V_address0                    |   89|         18|    4|         72|
    |vtxbin_10_V_address1                    |   85|         17|    4|         68|
    |vtxbin_10_V_ce0                         |   13|          3|    1|          3|
    |vtxbin_10_V_d0                          |   41|         10|    5|         50|
    |vtxbin_10_V_d1                          |   37|          9|    5|         45|
    |vtxbin_10_V_we0                         |   13|          3|    1|          3|
    |vtxbin_11_V_address0                    |   89|         18|    4|         72|
    |vtxbin_11_V_address1                    |   85|         17|    4|         68|
    |vtxbin_11_V_ce0                         |   13|          3|    1|          3|
    |vtxbin_11_V_d0                          |   13|          3|    5|         15|
    |vtxbin_11_V_we0                         |   13|          3|    1|          3|
    |vtxbin_12_V_address0                    |   89|         18|    4|         72|
    |vtxbin_12_V_address1                    |   85|         17|    4|         68|
    |vtxbin_12_V_ce0                         |   13|          3|    1|          3|
    |vtxbin_12_V_d0                          |   41|         10|    5|         50|
    |vtxbin_12_V_d1                          |   37|          9|    5|         45|
    |vtxbin_12_V_we0                         |   13|          3|    1|          3|
    |vtxbin_13_V_address0                    |   89|         18|    4|         72|
    |vtxbin_13_V_address1                    |   85|         17|    4|         68|
    |vtxbin_13_V_ce0                         |   13|          3|    1|          3|
    |vtxbin_13_V_d0                          |   13|          3|    5|         15|
    |vtxbin_13_V_we0                         |   13|          3|    1|          3|
    |vtxbin_14_V_address0                    |   89|         18|    4|         72|
    |vtxbin_14_V_address1                    |   85|         17|    4|         68|
    |vtxbin_14_V_ce0                         |   13|          3|    1|          3|
    |vtxbin_14_V_d0                          |   41|         10|    5|         50|
    |vtxbin_14_V_d1                          |   37|          9|    5|         45|
    |vtxbin_14_V_we0                         |   13|          3|    1|          3|
    |vtxbin_15_V_address0                    |   89|         18|    4|         72|
    |vtxbin_15_V_address1                    |   85|         17|    4|         68|
    |vtxbin_15_V_ce0                         |   13|          3|    1|          3|
    |vtxbin_15_V_d0                          |   13|          3|    5|         15|
    |vtxbin_15_V_we0                         |   13|          3|    1|          3|
    |vtxbin_1_V_address0                     |   89|         18|    4|         72|
    |vtxbin_1_V_address1                     |   85|         17|    4|         68|
    |vtxbin_1_V_ce0                          |   13|          3|    1|          3|
    |vtxbin_1_V_d0                           |   13|          3|    5|         15|
    |vtxbin_1_V_we0                          |   13|          3|    1|          3|
    |vtxbin_2_V_address0                     |   89|         18|    4|         72|
    |vtxbin_2_V_address1                     |   85|         17|    4|         68|
    |vtxbin_2_V_ce0                          |   13|          3|    1|          3|
    |vtxbin_2_V_d0                           |   41|         10|    5|         50|
    |vtxbin_2_V_d1                           |   37|          9|    5|         45|
    |vtxbin_2_V_we0                          |   13|          3|    1|          3|
    |vtxbin_3_V_address0                     |   89|         18|    4|         72|
    |vtxbin_3_V_address1                     |   85|         17|    4|         68|
    |vtxbin_3_V_ce0                          |   13|          3|    1|          3|
    |vtxbin_3_V_d0                           |   13|          3|    5|         15|
    |vtxbin_3_V_we0                          |   13|          3|    1|          3|
    |vtxbin_4_V_address0                     |   89|         18|    4|         72|
    |vtxbin_4_V_address1                     |   85|         17|    4|         68|
    |vtxbin_4_V_ce0                          |   13|          3|    1|          3|
    |vtxbin_4_V_d0                           |   41|         10|    5|         50|
    |vtxbin_4_V_d1                           |   37|          9|    5|         45|
    |vtxbin_4_V_we0                          |   13|          3|    1|          3|
    |vtxbin_5_V_address0                     |   89|         18|    4|         72|
    |vtxbin_5_V_address1                     |   85|         17|    4|         68|
    |vtxbin_5_V_ce0                          |   13|          3|    1|          3|
    |vtxbin_5_V_d0                           |   13|          3|    5|         15|
    |vtxbin_5_V_we0                          |   13|          3|    1|          3|
    |vtxbin_6_V_address0                     |   89|         18|    4|         72|
    |vtxbin_6_V_address1                     |   85|         17|    4|         68|
    |vtxbin_6_V_ce0                          |   13|          3|    1|          3|
    |vtxbin_6_V_d0                           |   41|         10|    5|         50|
    |vtxbin_6_V_d1                           |   37|          9|    5|         45|
    |vtxbin_6_V_we0                          |   13|          3|    1|          3|
    |vtxbin_7_V_address0                     |   89|         18|    4|         72|
    |vtxbin_7_V_address1                     |   85|         17|    4|         68|
    |vtxbin_7_V_ce0                          |   13|          3|    1|          3|
    |vtxbin_7_V_d0                           |   13|          3|    5|         15|
    |vtxbin_7_V_we0                          |   13|          3|    1|          3|
    |vtxbin_8_V_address0                     |   89|         18|    4|         72|
    |vtxbin_8_V_address1                     |   85|         17|    4|         68|
    |vtxbin_8_V_ce0                          |   13|          3|    1|          3|
    |vtxbin_8_V_d0                           |   45|         11|    5|         55|
    |vtxbin_8_V_d1                           |   41|         10|    5|         50|
    |vtxbin_8_V_we0                          |   13|          3|    1|          3|
    |vtxbin_9_V_address0                     |   89|         18|    4|         72|
    |vtxbin_9_V_address1                     |   85|         17|    4|         68|
    |vtxbin_9_V_ce0                          |   13|          3|    1|          3|
    |vtxbin_9_V_d0                           |   13|          3|    5|         15|
    |vtxbin_9_V_we0                          |   13|          3|    1|          3|
    +----------------------------------------+-----+-----------+-----+-----------+
    |Total                                   | 9028|       1927| 1582|      10985|
    +----------------------------------------+-----+-----------+-----+-----------+

    * Register: 
    +-------------------------------------+----+----+-----+-----------+
    |                 Name                | FF | LUT| Bits| Const Bits|
    +-------------------------------------+----+----+-----+-----------+
    |ap_CS_fsm                            |  32|   0|   32|          0|
    |ap_reg_grp_fillVtx_fu_5271_ap_start  |   1|   0|    1|          0|
    |ap_reg_grp_fillVtx_fu_5281_ap_start  |   1|   0|    1|          0|
    |ap_reg_grp_fillVtx_fu_5291_ap_start  |   1|   0|    1|          0|
    |ap_reg_grp_fillVtx_fu_5301_ap_start  |   1|   0|    1|          0|
    |ap_reg_grp_fillVtx_fu_5311_ap_start  |   1|   0|    1|          0|
    |ap_reg_grp_fillVtx_fu_5321_ap_start  |   1|   0|    1|          0|
    |ap_reg_grp_fillVtx_fu_5331_ap_start  |   1|   0|    1|          0|
    |ap_reg_grp_fillVtx_fu_5341_ap_start  |   1|   0|    1|          0|
    |ap_reg_grp_fillVtx_fu_5351_ap_start  |   1|   0|    1|          0|
    |ap_reg_grp_fillVtx_fu_5361_ap_start  |   1|   0|    1|          0|
    |ap_reg_grp_fillVtx_fu_5371_ap_start  |   1|   0|    1|          0|
    |ap_reg_grp_fillVtx_fu_5381_ap_start  |   1|   0|    1|          0|
    |ap_reg_grp_fillVtx_fu_5391_ap_start  |   1|   0|    1|          0|
    |outvtx_hwSumPt_V_loa_10_reg_5228     |  16|   0|   16|          0|
    |outvtx_hwSumPt_V_loa_11_reg_5239     |  16|   0|   16|          0|
    |outvtx_hwSumPt_V_loa_12_reg_5250     |  16|   0|   16|          0|
    |outvtx_hwSumPt_V_loa_13_reg_5261     |  16|   0|   16|          0|
    |outvtx_hwSumPt_V_loa_14_reg_5217     |  16|   0|   16|          0|
    |outvtx_hwSumPt_V_loa_1_reg_5118      |  16|   0|   16|          0|
    |outvtx_hwSumPt_V_loa_2_reg_5129      |  16|   0|   16|          0|
    |outvtx_hwSumPt_V_loa_3_reg_5140      |  16|   0|   16|          0|
    |outvtx_hwSumPt_V_loa_4_reg_5151      |  16|   0|   16|          0|
    |outvtx_hwSumPt_V_loa_5_reg_5162      |  16|   0|   16|          0|
    |outvtx_hwSumPt_V_loa_6_reg_5173      |  16|   0|   16|          0|
    |outvtx_hwSumPt_V_loa_7_reg_5184      |  16|   0|   16|          0|
    |outvtx_hwSumPt_V_loa_8_reg_5195      |  16|   0|   16|          0|
    |outvtx_hwSumPt_V_loa_9_reg_5206      |  16|   0|   16|          0|
    |reg_5503                             |   5|   0|    5|          0|
    |reg_5507                             |  16|   0|   16|          0|
    |reg_5511                             |   5|   0|    5|          0|
    |reg_5516                             |  16|   0|   16|          0|
    |reg_5521                             |   5|   0|    5|          0|
    |reg_5526                             |  16|   0|   16|          0|
    |reg_5531                             |   5|   0|    5|          0|
    |reg_5536                             |  16|   0|   16|          0|
    |reg_5541                             |   5|   0|    5|          0|
    |reg_5546                             |  16|   0|   16|          0|
    |reg_5551                             |   5|   0|    5|          0|
    |reg_5556                             |  16|   0|   16|          0|
    |reg_5561                             |   5|   0|    5|          0|
    |reg_5565                             |   5|   0|    5|          0|
    |reg_5569                             |  16|   0|   16|          0|
    |reg_5573                             |  16|   0|   16|          0|
    |reg_5577                             |   5|   0|    5|          0|
    |reg_5581                             |   5|   0|    5|          0|
    |reg_5585                             |  16|   0|   16|          0|
    |reg_5589                             |  16|   0|   16|          0|
    |reg_5593                             |   5|   0|    5|          0|
    |reg_5598                             |  16|   0|   16|          0|
    |reg_5603                             |   5|   0|    5|          0|
    |reg_5608                             |  16|   0|   16|          0|
    |reg_5613                             |   5|   0|    5|          0|
    |reg_5617                             |   5|   0|    5|          0|
    |reg_5621                             |  16|   0|   16|          0|
    |reg_5625                             |  16|   0|   16|          0|
    |reg_5629                             |   5|   0|    5|          0|
    |reg_5633                             |   5|   0|    5|          0|
    |reg_5637                             |  16|   0|   16|          0|
    |reg_5641                             |  16|   0|   16|          0|
    |reg_5645                             |   5|   0|    5|          0|
    |reg_5650                             |  16|   0|   16|          0|
    |reg_5655                             |   5|   0|    5|          0|
    |reg_5660                             |  16|   0|   16|          0|
    |reg_5665                             |   5|   0|    5|          0|
    |reg_5669                             |  16|   0|   16|          0|
    |reg_5673                             |   5|   0|    5|          0|
    |reg_5678                             |  16|   0|   16|          0|
    |reg_5683                             |   5|   0|    5|          0|
    |reg_5687                             |   5|   0|    5|          0|
    |reg_5691                             |  16|   0|   16|          0|
    |reg_5695                             |  16|   0|   16|          0|
    |reg_5699                             |   5|   0|    5|          0|
    |reg_5703                             |   5|   0|    5|          0|
    |reg_5707                             |  16|   0|   16|          0|
    |reg_5711                             |  16|   0|   16|          0|
    |reg_5715                             |   5|   0|    5|          0|
    |reg_5719                             |   5|   0|    5|          0|
    |reg_5724                             |  16|   0|   16|          0|
    |reg_5729                             |   5|   0|    5|          0|
    |reg_5733                             |  16|   0|   16|          0|
    |reg_5738                             |   5|   0|    5|          0|
    |reg_5743                             |  16|   0|   16|          0|
    |reg_5748                             |   5|   0|    5|          0|
    |reg_5753                             |  16|   0|   16|          0|
    |reg_5758                             |  16|   0|   16|          0|
    |reg_5762                             |   5|   0|    5|          0|
    |reg_5766                             |  16|   0|   16|          0|
    |reg_5926                             |   5|   0|    5|          0|
    |reg_5931                             |  16|   0|   16|          0|
    |reg_5936                             |   5|   0|    5|          0|
    |reg_5941                             |  16|   0|   16|          0|
    |reg_5946                             |   5|   0|    5|          0|
    |reg_5951                             |  16|   0|   16|          0|
    |reg_5956                             |   5|   0|    5|          0|
    |reg_5961                             |  16|   0|   16|          0|
    |reg_5966                             |   5|   0|    5|          0|
    |reg_5971                             |  16|   0|   16|          0|
    |sumbin_0_V_load_11_reg_10869         |  16|   0|   16|          0|
    |sumbin_0_V_load_13_reg_11085         |  16|   0|   16|          0|
    |sumbin_0_V_load_15_reg_11291         |  16|   0|   16|          0|
    |sumbin_0_V_load_7_reg_10455          |  16|   0|   16|          0|
    |sumbin_0_V_load_9_reg_10658          |  16|   0|   16|          0|
    |sumbin_1_V_load_9_reg_11075          |  16|   0|   16|          0|
    |tmp131_reg_10440                     |  16|   0|   16|          0|
    |tmp67_reg_10281                      |  16|   0|   16|          0|
    |tmp_13_0_0_1_reg_10647               |   5|   0|    5|          0|
    |tmp_13_0_0_2_reg_10848               |   5|   0|    5|          0|
    |tmp_13_0_0_3_reg_11059               |   5|   0|    5|          0|
    |tmp_13_0_0_4_reg_11275               |   5|   0|    5|          0|
    |tmp_13_0_0_5_reg_11385               |   5|   0|    5|          0|
    |tmp_13_0_1_10_reg_10886              |   5|   0|    5|          0|
    |tmp_13_0_1_11_reg_11090              |   5|   0|    5|          0|
    |tmp_13_0_1_12_reg_11102              |   5|   0|    5|          0|
    |tmp_13_0_1_2_reg_10185               |   5|   0|    5|          0|
    |tmp_13_0_1_3_reg_10197               |   5|   0|    5|          0|
    |tmp_13_0_1_4_reg_10297               |   5|   0|    5|          0|
    |tmp_13_0_1_5_reg_10309               |   5|   0|    5|          0|
    |tmp_13_0_1_6_reg_10460               |   5|   0|    5|          0|
    |tmp_13_0_1_7_reg_10472               |   5|   0|    5|          0|
    |tmp_13_0_1_8_reg_10663               |   5|   0|    5|          0|
    |tmp_13_0_1_9_reg_10675               |   5|   0|    5|          0|
    |tmp_13_0_1_s_reg_10874               |   5|   0|    5|          0|
    |tmp_13_0_3_10_reg_10910              |   5|   0|    5|          0|
    |tmp_13_0_3_11_reg_11114              |   5|   0|    5|          0|
    |tmp_13_0_3_12_reg_11126              |   5|   0|    5|          0|
    |tmp_13_0_3_2_reg_10209               |   5|   0|    5|          0|
    |tmp_13_0_3_3_reg_10221               |   5|   0|    5|          0|
    |tmp_13_0_3_4_reg_10321               |   5|   0|    5|          0|
    |tmp_13_0_3_5_reg_10333               |   5|   0|    5|          0|
    |tmp_13_0_3_6_reg_10484               |   5|   0|    5|          0|
    |tmp_13_0_3_7_reg_10496               |   5|   0|    5|          0|
    |tmp_13_0_3_8_reg_10687               |   5|   0|    5|          0|
    |tmp_13_0_3_9_reg_10699               |   5|   0|    5|          0|
    |tmp_13_0_3_s_reg_10898               |   5|   0|    5|          0|
    |tmp_13_0_5_10_reg_10934              |   5|   0|    5|          0|
    |tmp_13_0_5_11_reg_11138              |   5|   0|    5|          0|
    |tmp_13_0_5_12_reg_11150              |   5|   0|    5|          0|
    |tmp_13_0_5_2_reg_10233               |   5|   0|    5|          0|
    |tmp_13_0_5_3_reg_10245               |   5|   0|    5|          0|
    |tmp_13_0_5_4_reg_10345               |   5|   0|    5|          0|
    |tmp_13_0_5_5_reg_10357               |   5|   0|    5|          0|
    |tmp_13_0_5_6_reg_10508               |   5|   0|    5|          0|
    |tmp_13_0_5_7_reg_10520               |   5|   0|    5|          0|
    |tmp_13_0_5_8_reg_10711               |   5|   0|    5|          0|
    |tmp_13_0_5_9_reg_10723               |   5|   0|    5|          0|
    |tmp_13_0_5_s_reg_10922               |   5|   0|    5|          0|
    |tmp_13_0_7_10_reg_10958              |   5|   0|    5|          0|
    |tmp_13_0_7_11_reg_11162              |   5|   0|    5|          0|
    |tmp_13_0_7_12_reg_11174              |   5|   0|    5|          0|
    |tmp_13_0_7_2_reg_10257               |   5|   0|    5|          0|
    |tmp_13_0_7_3_reg_10269               |   5|   0|    5|          0|
    |tmp_13_0_7_4_reg_10369               |   5|   0|    5|          0|
    |tmp_13_0_7_5_reg_10381               |   5|   0|    5|          0|
    |tmp_13_0_7_6_reg_10532               |   5|   0|    5|          0|
    |tmp_13_0_7_7_reg_10544               |   5|   0|    5|          0|
    |tmp_13_0_7_8_reg_10735               |   5|   0|    5|          0|
    |tmp_13_0_7_9_reg_10747               |   5|   0|    5|          0|
    |tmp_13_0_7_s_reg_10946               |   5|   0|    5|          0|
    |tmp_13_1_1_10_reg_11308              |   5|   0|    5|          0|
    |tmp_13_1_1_11_reg_11396              |   5|   0|    5|          0|
    |tmp_13_1_1_12_reg_11408              |   5|   0|    5|          0|
    |tmp_13_1_1_2_reg_10556               |   5|   0|    5|          0|
    |tmp_13_1_1_3_reg_10568               |   5|   0|    5|          0|
    |tmp_13_1_1_4_reg_10759               |   5|   0|    5|          0|
    |tmp_13_1_1_5_reg_10771               |   5|   0|    5|          0|
    |tmp_13_1_1_6_reg_10970               |   5|   0|    5|          0|
    |tmp_13_1_1_7_reg_10982               |   5|   0|    5|          0|
    |tmp_13_1_1_8_reg_11186               |   5|   0|    5|          0|
    |tmp_13_1_1_9_reg_11198               |   5|   0|    5|          0|
    |tmp_13_1_1_s_reg_11296               |   5|   0|    5|          0|
    |tmp_13_1_3_10_reg_11222              |   5|   0|    5|          0|
    |tmp_13_1_3_11_reg_11320              |   5|   0|    5|          0|
    |tmp_13_1_3_12_reg_11332              |   5|   0|    5|          0|
    |tmp_13_1_3_2_reg_10393               |   5|   0|    5|          0|
    |tmp_13_1_3_3_reg_10405               |   5|   0|    5|          0|
    |tmp_13_1_3_4_reg_10580               |   5|   0|    5|          0|
    |tmp_13_1_3_5_reg_10592               |   5|   0|    5|          0|
    |tmp_13_1_3_6_reg_10783               |   5|   0|    5|          0|
    |tmp_13_1_3_7_reg_10795               |   5|   0|    5|          0|
    |tmp_13_1_3_8_reg_10994               |   5|   0|    5|          0|
    |tmp_13_1_3_9_reg_11006               |   5|   0|    5|          0|
    |tmp_13_1_3_s_reg_11210               |   5|   0|    5|          0|
    |tmp_13_2_1_10_reg_11356              |   5|   0|    5|          0|
    |tmp_13_2_1_11_reg_11420              |   5|   0|    5|          0|
    |tmp_13_2_1_12_reg_11432              |   5|   0|    5|          0|
    |tmp_13_2_1_13_reg_11480              |   5|   0|    5|          0|
    |tmp_13_2_1_14_reg_11492              |   5|   0|    5|          0|
    |tmp_13_2_1_1_reg_10428               |   5|   0|    5|          0|
    |tmp_13_2_1_2_reg_10604               |   5|   0|    5|          0|
    |tmp_13_2_1_3_reg_10616               |   5|   0|    5|          0|
    |tmp_13_2_1_4_reg_10807               |   5|   0|    5|          0|
    |tmp_13_2_1_5_reg_10819               |   5|   0|    5|          0|
    |tmp_13_2_1_6_reg_11018               |   5|   0|    5|          0|
    |tmp_13_2_1_7_reg_11030               |   5|   0|    5|          0|
    |tmp_13_2_1_8_reg_11234               |   5|   0|    5|          0|
    |tmp_13_2_1_9_reg_11246               |   5|   0|    5|          0|
    |tmp_13_2_1_reg_10417                 |   5|   0|    5|          0|
    |tmp_13_2_1_s_reg_11344               |   5|   0|    5|          0|
    |tmp_13_3_0_10_reg_11457              |   5|   0|    5|          0|
    |tmp_13_3_0_11_reg_11517              |   5|   0|    5|          0|
    |tmp_13_3_0_12_reg_11531              |   5|   0|    5|          0|
    |tmp_13_3_0_13_reg_11568              |   5|   0|    5|          0|
    |tmp_13_3_0_14_reg_11582              |   5|   0|    5|          0|
    |tmp_13_3_0_1_reg_11042               |   5|   0|    5|          0|
    |tmp_13_3_0_2_reg_11258               |   5|   0|    5|          0|
    |tmp_13_3_0_3_reg_11368               |   5|   0|    5|          0|
    |tmp_13_3_0_4_reg_11444               |   5|   0|    5|          0|
    |tmp_13_3_0_5_reg_11504               |   5|   0|    5|          0|
    |tmp_13_3_0_6_reg_11549               |   5|   0|    5|          0|
    |tmp_13_3_0_7_reg_11554               |   5|   0|    5|          0|
    |tmp_13_3_0_8_reg_11599               |   5|   0|    5|          0|
    |tmp_13_3_0_9_reg_11605               |   5|   0|    5|          0|
    |tmp_13_3_0_s_reg_11623               |   5|   0|    5|          0|
    |tmp_13_3_reg_10831                   |   5|   0|    5|          0|
    |tmp_14_0_0_1_reg_10445               |  16|   0|   16|          0|
    |tmp_14_0_0_3_reg_10854               |  16|   0|   16|          0|
    |tmp_14_0_0_4_reg_11065               |  16|   0|   16|          0|
    |tmp_14_0_0_5_reg_11281               |  16|   0|   16|          0|
    |tmp_14_0_0_6_reg_11391               |  16|   0|   16|          0|
    |tmp_14_0_0_7_reg_11475               |  16|   0|   16|          0|
    |tmp_14_0_1_10_reg_10892              |  16|   0|   16|          0|
    |tmp_14_0_1_11_reg_11096              |  16|   0|   16|          0|
    |tmp_14_0_1_12_reg_11108              |  16|   0|   16|          0|
    |tmp_14_0_1_2_reg_10191               |  16|   0|   16|          0|
    |tmp_14_0_1_3_reg_10203               |  16|   0|   16|          0|
    |tmp_14_0_1_4_reg_10303               |  16|   0|   16|          0|
    |tmp_14_0_1_5_reg_10315               |  16|   0|   16|          0|
    |tmp_14_0_1_6_reg_10466               |  16|   0|   16|          0|
    |tmp_14_0_1_7_reg_10478               |  16|   0|   16|          0|
    |tmp_14_0_1_8_reg_10669               |  16|   0|   16|          0|
    |tmp_14_0_1_9_reg_10681               |  16|   0|   16|          0|
    |tmp_14_0_1_s_reg_10880               |  16|   0|   16|          0|
    |tmp_14_0_3_10_reg_10916              |  16|   0|   16|          0|
    |tmp_14_0_3_11_reg_11120              |  16|   0|   16|          0|
    |tmp_14_0_3_12_reg_11132              |  16|   0|   16|          0|
    |tmp_14_0_3_2_reg_10215               |  16|   0|   16|          0|
    |tmp_14_0_3_3_reg_10227               |  16|   0|   16|          0|
    |tmp_14_0_3_4_reg_10327               |  16|   0|   16|          0|
    |tmp_14_0_3_5_reg_10339               |  16|   0|   16|          0|
    |tmp_14_0_3_6_reg_10490               |  16|   0|   16|          0|
    |tmp_14_0_3_7_reg_10502               |  16|   0|   16|          0|
    |tmp_14_0_3_8_reg_10693               |  16|   0|   16|          0|
    |tmp_14_0_3_9_reg_10705               |  16|   0|   16|          0|
    |tmp_14_0_3_s_reg_10904               |  16|   0|   16|          0|
    |tmp_14_0_5_10_reg_10940              |  16|   0|   16|          0|
    |tmp_14_0_5_11_reg_11144              |  16|   0|   16|          0|
    |tmp_14_0_5_12_reg_11156              |  16|   0|   16|          0|
    |tmp_14_0_5_2_reg_10239               |  16|   0|   16|          0|
    |tmp_14_0_5_3_reg_10251               |  16|   0|   16|          0|
    |tmp_14_0_5_4_reg_10351               |  16|   0|   16|          0|
    |tmp_14_0_5_5_reg_10363               |  16|   0|   16|          0|
    |tmp_14_0_5_6_reg_10514               |  16|   0|   16|          0|
    |tmp_14_0_5_7_reg_10526               |  16|   0|   16|          0|
    |tmp_14_0_5_8_reg_10717               |  16|   0|   16|          0|
    |tmp_14_0_5_9_reg_10729               |  16|   0|   16|          0|
    |tmp_14_0_5_s_reg_10928               |  16|   0|   16|          0|
    |tmp_14_0_7_10_reg_10964              |  16|   0|   16|          0|
    |tmp_14_0_7_11_reg_11168              |  16|   0|   16|          0|
    |tmp_14_0_7_12_reg_11180              |  16|   0|   16|          0|
    |tmp_14_0_7_2_reg_10263               |  16|   0|   16|          0|
    |tmp_14_0_7_3_reg_10275               |  16|   0|   16|          0|
    |tmp_14_0_7_4_reg_10375               |  16|   0|   16|          0|
    |tmp_14_0_7_5_reg_10387               |  16|   0|   16|          0|
    |tmp_14_0_7_6_reg_10538               |  16|   0|   16|          0|
    |tmp_14_0_7_7_reg_10550               |  16|   0|   16|          0|
    |tmp_14_0_7_8_reg_10741               |  16|   0|   16|          0|
    |tmp_14_0_7_9_reg_10753               |  16|   0|   16|          0|
    |tmp_14_0_7_s_reg_10952               |  16|   0|   16|          0|
    |tmp_14_1_1_10_reg_11314              |  16|   0|   16|          0|
    |tmp_14_1_1_11_reg_11402              |  16|   0|   16|          0|
    |tmp_14_1_1_12_reg_11414              |  16|   0|   16|          0|
    |tmp_14_1_1_2_reg_10562               |  16|   0|   16|          0|
    |tmp_14_1_1_3_reg_10574               |  16|   0|   16|          0|
    |tmp_14_1_1_4_reg_10765               |  16|   0|   16|          0|
    |tmp_14_1_1_5_reg_10777               |  16|   0|   16|          0|
    |tmp_14_1_1_6_reg_10976               |  16|   0|   16|          0|
    |tmp_14_1_1_7_reg_10988               |  16|   0|   16|          0|
    |tmp_14_1_1_8_reg_11192               |  16|   0|   16|          0|
    |tmp_14_1_1_9_reg_11204               |  16|   0|   16|          0|
    |tmp_14_1_1_s_reg_11302               |  16|   0|   16|          0|
    |tmp_14_1_3_10_reg_11228              |  16|   0|   16|          0|
    |tmp_14_1_3_11_reg_11326              |  16|   0|   16|          0|
    |tmp_14_1_3_12_reg_11338              |  16|   0|   16|          0|
    |tmp_14_1_3_2_reg_10399               |  16|   0|   16|          0|
    |tmp_14_1_3_3_reg_10411               |  16|   0|   16|          0|
    |tmp_14_1_3_4_reg_10586               |  16|   0|   16|          0|
    |tmp_14_1_3_5_reg_10598               |  16|   0|   16|          0|
    |tmp_14_1_3_6_reg_10789               |  16|   0|   16|          0|
    |tmp_14_1_3_7_reg_10801               |  16|   0|   16|          0|
    |tmp_14_1_3_8_reg_11000               |  16|   0|   16|          0|
    |tmp_14_1_3_9_reg_11012               |  16|   0|   16|          0|
    |tmp_14_1_3_s_reg_11216               |  16|   0|   16|          0|
    |tmp_14_2_1_10_reg_11362              |  16|   0|   16|          0|
    |tmp_14_2_1_11_reg_11426              |  16|   0|   16|          0|
    |tmp_14_2_1_12_reg_11438              |  16|   0|   16|          0|
    |tmp_14_2_1_13_reg_11486              |  16|   0|   16|          0|
    |tmp_14_2_1_14_reg_11498              |  16|   0|   16|          0|
    |tmp_14_2_1_1_reg_10434               |  16|   0|   16|          0|
    |tmp_14_2_1_2_reg_10610               |  16|   0|   16|          0|
    |tmp_14_2_1_3_reg_10622               |  16|   0|   16|          0|
    |tmp_14_2_1_4_reg_10813               |  16|   0|   16|          0|
    |tmp_14_2_1_5_reg_10825               |  16|   0|   16|          0|
    |tmp_14_2_1_6_reg_11024               |  16|   0|   16|          0|
    |tmp_14_2_1_7_reg_11036               |  16|   0|   16|          0|
    |tmp_14_2_1_8_reg_11240               |  16|   0|   16|          0|
    |tmp_14_2_1_9_reg_11252               |  16|   0|   16|          0|
    |tmp_14_2_1_reg_10423                 |  16|   0|   16|          0|
    |tmp_14_2_1_s_reg_11350               |  16|   0|   16|          0|
    |tmp_14_3_0_10_reg_11463              |  16|   0|   16|          0|
    |tmp_14_3_0_11_reg_11523              |  16|   0|   16|          0|
    |tmp_14_3_0_12_reg_11537              |  16|   0|   16|          0|
    |tmp_14_3_0_13_reg_11574              |  16|   0|   16|          0|
    |tmp_14_3_0_14_reg_11588              |  16|   0|   16|          0|
    |tmp_14_3_0_1_reg_10635               |  16|   0|   16|          0|
    |tmp_14_3_0_2_reg_10836               |  16|   0|   16|          0|
    |tmp_14_3_0_3_reg_11047               |  16|   0|   16|          0|
    |tmp_14_3_0_4_reg_11263               |  16|   0|   16|          0|
    |tmp_14_3_0_5_reg_11373               |  16|   0|   16|          0|
    |tmp_14_3_0_6_reg_11449               |  16|   0|   16|          0|
    |tmp_14_3_0_7_reg_11509               |  16|   0|   16|          0|
    |tmp_14_3_0_8_reg_11560               |  16|   0|   16|          0|
    |tmp_14_3_0_9_reg_11611               |  16|   0|   16|          0|
    |tmp_14_3_0_s_reg_11629               |  16|   0|   16|          0|
    |tmp_14_3_reg_10628                   |  16|   0|   16|          0|
    |tmp_1_reg_10286                      |  16|   0|   16|          0|
    |tmp_6_10_reg_11645                   |   1|   0|    1|          0|
    |tmp_6_11_reg_11649                   |   1|   0|    1|          0|
    |tmp_6_12_reg_11653                   |   1|   0|    1|          0|
    |tmp_6_13_reg_11657                   |   1|   0|    1|          0|
    |tmp_6_14_reg_11661                   |   1|   0|    1|          0|
    |tmp_6_1_reg_10844                    |   1|   0|    1|          0|
    |tmp_6_2_reg_11055                    |   1|   0|    1|          0|
    |tmp_6_3_reg_11271                    |   1|   0|    1|          0|
    |tmp_6_4_reg_11381                    |   1|   0|    1|          0|
    |tmp_6_5_reg_11471                    |   1|   0|    1|          0|
    |tmp_6_6_reg_11545                    |   1|   0|    1|          0|
    |tmp_6_7_reg_11595                    |   1|   0|    1|          0|
    |tmp_6_8_reg_11619                    |   1|   0|    1|          0|
    |tmp_6_9_reg_11637                    |   1|   0|    1|          0|
    |tmp_6_reg_10643                      |   1|   0|    1|          0|
    |tmp_6_s_reg_11641                    |   1|   0|    1|          0|
    |vtxbin_0_V_load_11_reg_10864         |   5|   0|    5|          0|
    |vtxbin_0_V_load_13_reg_11080         |   5|   0|    5|          0|
    |vtxbin_0_V_load_15_reg_11286         |   5|   0|    5|          0|
    |vtxbin_0_V_load_5_reg_10292          |   5|   0|    5|          0|
    |vtxbin_0_V_load_7_reg_10450          |   5|   0|    5|          0|
    |vtxbin_0_V_load_9_reg_10653          |   5|   0|    5|          0|
    |vtxbin_1_V_load_7_reg_10859          |   5|   0|    5|          0|
    |vtxbin_1_V_load_9_reg_11070          |   5|   0|    5|          0|
    +-------------------------------------+----+----+-----+-----------+
    |Total                                |3509|   0| 3509|          0|
    +-------------------------------------+----+----+-----+-----------+



================================================================
== Interface
================================================================
* Summary: 
+------------------------+-----+-----+------------+--------------------+--------------+
|        RTL Ports       | Dir | Bits|  Protocol  |    Source Object   |    C Type    |
+------------------------+-----+-----+------------+--------------------+--------------+
|s_axi_AXILiteS_AWVALID  |  in |    1|    s_axi   |      AXILiteS      |    pointer   |
|s_axi_AXILiteS_AWREADY  | out |    1|    s_axi   |      AXILiteS      |    pointer   |
|s_axi_AXILiteS_AWADDR   |  in |    6|    s_axi   |      AXILiteS      |    pointer   |
|s_axi_AXILiteS_WVALID   |  in |    1|    s_axi   |      AXILiteS      |    pointer   |
|s_axi_AXILiteS_WREADY   | out |    1|    s_axi   |      AXILiteS      |    pointer   |
|s_axi_AXILiteS_WDATA    |  in |   32|    s_axi   |      AXILiteS      |    pointer   |
|s_axi_AXILiteS_WSTRB    |  in |    4|    s_axi   |      AXILiteS      |    pointer   |
|s_axi_AXILiteS_ARVALID  |  in |    1|    s_axi   |      AXILiteS      |    pointer   |
|s_axi_AXILiteS_ARREADY  | out |    1|    s_axi   |      AXILiteS      |    pointer   |
|s_axi_AXILiteS_ARADDR   |  in |    6|    s_axi   |      AXILiteS      |    pointer   |
|s_axi_AXILiteS_RVALID   | out |    1|    s_axi   |      AXILiteS      |    pointer   |
|s_axi_AXILiteS_RREADY   |  in |    1|    s_axi   |      AXILiteS      |    pointer   |
|s_axi_AXILiteS_RDATA    | out |   32|    s_axi   |      AXILiteS      |    pointer   |
|s_axi_AXILiteS_RRESP    | out |    2|    s_axi   |      AXILiteS      |    pointer   |
|s_axi_AXILiteS_BVALID   | out |    1|    s_axi   |      AXILiteS      |    pointer   |
|s_axi_AXILiteS_BREADY   |  in |    1|    s_axi   |      AXILiteS      |    pointer   |
|s_axi_AXILiteS_BRESP    | out |    2|    s_axi   |      AXILiteS      |    pointer   |
|ap_clk                  |  in |    1| ap_ctrl_hs |  simple_vtx_hwopt  | return value |
|ap_rst_n                |  in |    1| ap_ctrl_hs |  simple_vtx_hwopt  | return value |
|interrupt               | out |    1| ap_ctrl_hs |  simple_vtx_hwopt  | return value |
|track_0_hwPt_V          |  in |   16|   ap_none  |   track_0_hwPt_V   |    pointer   |
|track_1_hwPt_V          |  in |   16|   ap_none  |   track_1_hwPt_V   |    pointer   |
|track_2_hwPt_V          |  in |   16|   ap_none  |   track_2_hwPt_V   |    pointer   |
|track_3_hwPt_V          |  in |   16|   ap_none  |   track_3_hwPt_V   |    pointer   |
|track_4_hwPt_V          |  in |   16|   ap_none  |   track_4_hwPt_V   |    pointer   |
|track_5_hwPt_V          |  in |   16|   ap_none  |   track_5_hwPt_V   |    pointer   |
|track_6_hwPt_V          |  in |   16|   ap_none  |   track_6_hwPt_V   |    pointer   |
|track_7_hwPt_V          |  in |   16|   ap_none  |   track_7_hwPt_V   |    pointer   |
|track_8_hwPt_V          |  in |   16|   ap_none  |   track_8_hwPt_V   |    pointer   |
|track_9_hwPt_V          |  in |   16|   ap_none  |   track_9_hwPt_V   |    pointer   |
|track_10_hwPt_V         |  in |   16|   ap_none  |   track_10_hwPt_V  |    pointer   |
|track_11_hwPt_V         |  in |   16|   ap_none  |   track_11_hwPt_V  |    pointer   |
|track_12_hwPt_V         |  in |   16|   ap_none  |   track_12_hwPt_V  |    pointer   |
|track_13_hwPt_V         |  in |   16|   ap_none  |   track_13_hwPt_V  |    pointer   |
|track_14_hwPt_V         |  in |   16|   ap_none  |   track_14_hwPt_V  |    pointer   |
|track_15_hwPt_V         |  in |   16|   ap_none  |   track_15_hwPt_V  |    pointer   |
|track_0_hwPtErr_V       |  in |   16|   ap_none  |  track_0_hwPtErr_V |    pointer   |
|track_1_hwPtErr_V       |  in |   16|   ap_none  |  track_1_hwPtErr_V |    pointer   |
|track_2_hwPtErr_V       |  in |   16|   ap_none  |  track_2_hwPtErr_V |    pointer   |
|track_3_hwPtErr_V       |  in |   16|   ap_none  |  track_3_hwPtErr_V |    pointer   |
|track_4_hwPtErr_V       |  in |   16|   ap_none  |  track_4_hwPtErr_V |    pointer   |
|track_5_hwPtErr_V       |  in |   16|   ap_none  |  track_5_hwPtErr_V |    pointer   |
|track_6_hwPtErr_V       |  in |   16|   ap_none  |  track_6_hwPtErr_V |    pointer   |
|track_7_hwPtErr_V       |  in |   16|   ap_none  |  track_7_hwPtErr_V |    pointer   |
|track_8_hwPtErr_V       |  in |   16|   ap_none  |  track_8_hwPtErr_V |    pointer   |
|track_9_hwPtErr_V       |  in |   16|   ap_none  |  track_9_hwPtErr_V |    pointer   |
|track_10_hwPtErr_V      |  in |   16|   ap_none  | track_10_hwPtErr_V |    pointer   |
|track_11_hwPtErr_V      |  in |   16|   ap_none  | track_11_hwPtErr_V |    pointer   |
|track_12_hwPtErr_V      |  in |   16|   ap_none  | track_12_hwPtErr_V |    pointer   |
|track_13_hwPtErr_V      |  in |   16|   ap_none  | track_13_hwPtErr_V |    pointer   |
|track_14_hwPtErr_V      |  in |   16|   ap_none  | track_14_hwPtErr_V |    pointer   |
|track_15_hwPtErr_V      |  in |   16|   ap_none  | track_15_hwPtErr_V |    pointer   |
|track_0_hwEta_V         |  in |    9|   ap_none  |   track_0_hwEta_V  |    pointer   |
|track_1_hwEta_V         |  in |    9|   ap_none  |   track_1_hwEta_V  |    pointer   |
|track_2_hwEta_V         |  in |    9|   ap_none  |   track_2_hwEta_V  |    pointer   |
|track_3_hwEta_V         |  in |    9|   ap_none  |   track_3_hwEta_V  |    pointer   |
|track_4_hwEta_V         |  in |    9|   ap_none  |   track_4_hwEta_V  |    pointer   |
|track_5_hwEta_V         |  in |    9|   ap_none  |   track_5_hwEta_V  |    pointer   |
|track_6_hwEta_V         |  in |    9|   ap_none  |   track_6_hwEta_V  |    pointer   |
|track_7_hwEta_V         |  in |    9|   ap_none  |   track_7_hwEta_V  |    pointer   |
|track_8_hwEta_V         |  in |    9|   ap_none  |   track_8_hwEta_V  |    pointer   |
|track_9_hwEta_V         |  in |    9|   ap_none  |   track_9_hwEta_V  |    pointer   |
|track_10_hwEta_V        |  in |    9|   ap_none  |  track_10_hwEta_V  |    pointer   |
|track_11_hwEta_V        |  in |    9|   ap_none  |  track_11_hwEta_V  |    pointer   |
|track_12_hwEta_V        |  in |    9|   ap_none  |  track_12_hwEta_V  |    pointer   |
|track_13_hwEta_V        |  in |    9|   ap_none  |  track_13_hwEta_V  |    pointer   |
|track_14_hwEta_V        |  in |    9|   ap_none  |  track_14_hwEta_V  |    pointer   |
|track_15_hwEta_V        |  in |    9|   ap_none  |  track_15_hwEta_V  |    pointer   |
|track_0_hwPhi_V         |  in |    9|   ap_none  |   track_0_hwPhi_V  |    pointer   |
|track_1_hwPhi_V         |  in |    9|   ap_none  |   track_1_hwPhi_V  |    pointer   |
|track_2_hwPhi_V         |  in |    9|   ap_none  |   track_2_hwPhi_V  |    pointer   |
|track_3_hwPhi_V         |  in |    9|   ap_none  |   track_3_hwPhi_V  |    pointer   |
|track_4_hwPhi_V         |  in |    9|   ap_none  |   track_4_hwPhi_V  |    pointer   |
|track_5_hwPhi_V         |  in |    9|   ap_none  |   track_5_hwPhi_V  |    pointer   |
|track_6_hwPhi_V         |  in |    9|   ap_none  |   track_6_hwPhi_V  |    pointer   |
|track_7_hwPhi_V         |  in |    9|   ap_none  |   track_7_hwPhi_V  |    pointer   |
|track_8_hwPhi_V         |  in |    9|   ap_none  |   track_8_hwPhi_V  |    pointer   |
|track_9_hwPhi_V         |  in |    9|   ap_none  |   track_9_hwPhi_V  |    pointer   |
|track_10_hwPhi_V        |  in |    9|   ap_none  |  track_10_hwPhi_V  |    pointer   |
|track_11_hwPhi_V        |  in |    9|   ap_none  |  track_11_hwPhi_V  |    pointer   |
|track_12_hwPhi_V        |  in |    9|   ap_none  |  track_12_hwPhi_V  |    pointer   |
|track_13_hwPhi_V        |  in |    9|   ap_none  |  track_13_hwPhi_V  |    pointer   |
|track_14_hwPhi_V        |  in |    9|   ap_none  |  track_14_hwPhi_V  |    pointer   |
|track_15_hwPhi_V        |  in |    9|   ap_none  |  track_15_hwPhi_V  |    pointer   |
|track_0_hwZ0_V          |  in |   10|   ap_none  |   track_0_hwZ0_V   |    pointer   |
|track_1_hwZ0_V          |  in |   10|   ap_none  |   track_1_hwZ0_V   |    pointer   |
|track_2_hwZ0_V          |  in |   10|   ap_none  |   track_2_hwZ0_V   |    pointer   |
|track_3_hwZ0_V          |  in |   10|   ap_none  |   track_3_hwZ0_V   |    pointer   |
|track_4_hwZ0_V          |  in |   10|   ap_none  |   track_4_hwZ0_V   |    pointer   |
|track_5_hwZ0_V          |  in |   10|   ap_none  |   track_5_hwZ0_V   |    pointer   |
|track_6_hwZ0_V          |  in |   10|   ap_none  |   track_6_hwZ0_V   |    pointer   |
|track_7_hwZ0_V          |  in |   10|   ap_none  |   track_7_hwZ0_V   |    pointer   |
|track_8_hwZ0_V          |  in |   10|   ap_none  |   track_8_hwZ0_V   |    pointer   |
|track_9_hwZ0_V          |  in |   10|   ap_none  |   track_9_hwZ0_V   |    pointer   |
|track_10_hwZ0_V         |  in |   10|   ap_none  |   track_10_hwZ0_V  |    pointer   |
|track_11_hwZ0_V         |  in |   10|   ap_none  |   track_11_hwZ0_V  |    pointer   |
|track_12_hwZ0_V         |  in |   10|   ap_none  |   track_12_hwZ0_V  |    pointer   |
|track_13_hwZ0_V         |  in |   10|   ap_none  |   track_13_hwZ0_V  |    pointer   |
|track_14_hwZ0_V         |  in |   10|   ap_none  |   track_14_hwZ0_V  |    pointer   |
|track_15_hwZ0_V         |  in |   10|   ap_none  |   track_15_hwZ0_V  |    pointer   |
+------------------------+-----+-----+------------+--------------------+--------------+

